Last login: Sun Nov  2 22:51:10 on ttys000
exchange@Mysteriouss-Air ~ % ssh root@195.26.255.18
root@195.26.255.18's password: 
Welcome to Ubuntu 22.04.5 LTS (GNU/Linux 5.15.0-160-generic x86_64)

 * Documentation:  https://help.ubuntu.com
 * Management:     https://landscape.canonical.com
 * Support:        https://ubuntu.com/pro

 System information as of Sun Nov  2 16:56:48 CET 2025

  System load:           0.04
  Usage of /:            1.2% of 387.48GB
  Memory usage:          15%
  Swap usage:            0%
  Processes:             210
  Users logged in:       0
  IPv4 address for eth0: 195.26.255.18
  IPv6 address for eth0: 2605:a140:2288:1987::1


Expanded Security Maintenance for Applications is not enabled.

0 updates can be applied immediately.

Enable ESM Apps to receive additional future security updates.
See https://ubuntu.com/esm or run: sudo pro status

New release '24.04.3 LTS' available.
Run 'do-release-upgrade' to upgrade to it.


*** System restart required ***
  _____
 / ___/___  _  _ _____ _   ___  ___
| |   / _ \| \| |_   _/ \ | _ )/ _ \
| |__| (_) | .` | | |/ _ \| _ \ (_) |
 \____\___/|_|\_| |_/_/ \_|___/\___/

Welcome!

This server is hosted by Contabo. If you have any questions or need help,
please don't hesitate to contact us at support@contabo.com.

Last login: Sun Nov  2 16:51:20 2025 from 113.189.109.248
root@vmi2881987:~# curl -fsSL https://raw.githubusercontent.com/mrolivershea-cyber/Connexa-Free-Proxy/main/scripts/install.sh | sudo bash
Hit:1 http://security.ubuntu.com/ubuntu jammy-security InRelease
Hit:2 http://archive.ubuntu.com/ubuntu jammy InRelease     
Hit:3 http://archive.ubuntu.com/ubuntu jammy-updates InRelease
Hit:4 http://archive.ubuntu.com/ubuntu jammy-backports InRelease
Reading package lists... Done
Reading package lists... Done
Building dependency tree... Done
Reading state information... Done
tor is already the newest version (0.4.6.10-1).
ca-certificates is already the newest version (20240203~22.04.1).
ca-certificates set to manually installed.
curl is already the newest version (7.81.0-1ubuntu1.21).
curl set to manually installed.
git is already the newest version (1:2.34.1-1ubuntu1.15).
haproxy is already the newest version (2.4.24-0ubuntu0.22.04.3).
jq is already the newest version (1.6-2.1ubuntu3.1).
ufw is already the newest version (0.36.1-4ubuntu0.1).
python3-pip is already the newest version (22.0.2+dfsg-1ubuntu0.7).
0 upgraded, 0 newly installed, 0 to remove and 0 not upgraded.
Reading package lists... Done
Building dependency tree... Done
Reading state information... Done
E: Unable to locate package 3proxy
remote: Enumerating objects: 11, done.
remote: Counting objects: 100% (11/11), done.
remote: Compressing objects: 100% (7/7), done.
remote: Total 7 (delta 5), reused 0 (delta 0), pack-reused 0 (from 0)
Unpacking objects: 100% (7/7), 3.21 KiB | 1.07 MiB/s, done.
From https://github.com/mrolivershea-cyber/Connexa-Free-Proxy
   2dcc0e8..9de6689  main       -> origin/main
Updating 2dcc0e8..9de6689
Fast-forward
 LOGI SERVER        |  45 +++++++++++-----------
 scripts/install.sh | 108 ++++++++++++++++++++++++++++++++++++++++++++++-------
 2 files changed, 117 insertions(+), 36 deletions(-)
Requirement already satisfied: pip in /usr/local/lib/python3.10/dist-packages (25.3)
WARNING: Running pip as the 'root' user can result in broken permissions and conflicting behaviour with the system package manager, possibly rendering your system unusable. It is recommended to use a virtual environment instead: https://pip.pypa.io/warnings/venv. Use the --root-user-action option if you know what you are doing and want to suppress this warning.
Requirement already satisfied: fastapi in /usr/local/lib/python3.10/dist-packages (0.120.4)
Requirement already satisfied: pyyaml in /usr/lib/python3/dist-packages (5.4.1)
Requirement already satisfied: click in /usr/lib/python3/dist-packages (8.0.3)
Requirement already satisfied: uvicorn[standard] in /usr/local/lib/python3.10/dist-packages (0.38.0)
Requirement already satisfied: h11>=0.8 in /usr/local/lib/python3.10/dist-packages (from uvicorn[standard]) (0.16.0)
Requirement already satisfied: typing-extensions>=4.0 in /usr/local/lib/python3.10/dist-packages (from uvicorn[standard]) (4.15.0)
Requirement already satisfied: httptools>=0.6.3 in /usr/local/lib/python3.10/dist-packages (from uvicorn[standard]) (0.7.1)
Requirement already satisfied: python-dotenv>=0.13 in /usr/local/lib/python3.10/dist-packages (from uvicorn[standard]) (1.2.1)
Requirement already satisfied: uvloop>=0.15.1 in /usr/local/lib/python3.10/dist-packages (from uvicorn[standard]) (0.22.1)
Requirement already satisfied: watchfiles>=0.13 in /usr/local/lib/python3.10/dist-packages (from uvicorn[standard]) (1.1.1)
Requirement already satisfied: websockets>=10.4 in /usr/local/lib/python3.10/dist-packages (from uvicorn[standard]) (15.0.1)
Requirement already satisfied: starlette<0.50.0,>=0.40.0 in /usr/local/lib/python3.10/dist-packages (from fastapi) (0.49.3)
Requirement already satisfied: pydantic!=1.8,!=1.8.1,!=2.0.0,!=2.0.1,!=2.1.0,<3.0.0,>=1.7.4 in /usr/local/lib/python3.10/dist-packages (from fastapi) (2.12.3)
Requirement already satisfied: annotated-doc>=0.0.2 in /usr/local/lib/python3.10/dist-packages (from fastapi) (0.0.3)
Requirement already satisfied: annotated-types>=0.6.0 in /usr/local/lib/python3.10/dist-packages (from pydantic!=1.8,!=1.8.1,!=2.0.0,!=2.0.1,!=2.1.0,<3.0.0,>=1.7.4->fastapi) (0.7.0)
Requirement already satisfied: pydantic-core==2.41.4 in /usr/local/lib/python3.10/dist-packages (from pydantic!=1.8,!=1.8.1,!=2.0.0,!=2.0.1,!=2.1.0,<3.0.0,>=1.7.4->fastapi) (2.41.4)
Requirement already satisfied: typing-inspection>=0.4.2 in /usr/local/lib/python3.10/dist-packages (from pydantic!=1.8,!=1.8.1,!=2.0.0,!=2.0.1,!=2.1.0,<3.0.0,>=1.7.4->fastapi) (0.4.2)
Requirement already satisfied: anyio<5,>=3.6.2 in /usr/local/lib/python3.10/dist-packages (from starlette<0.50.0,>=0.40.0->fastapi) (4.11.0)
Requirement already satisfied: exceptiongroup>=1.0.2 in /usr/local/lib/python3.10/dist-packages (from anyio<5,>=3.6.2->starlette<0.50.0,>=0.40.0->fastapi) (1.3.0)
Requirement already satisfied: idna>=2.8 in /usr/lib/python3/dist-packages (from anyio<5,>=3.6.2->starlette<0.50.0,>=0.40.0->fastapi) (3.3)
Requirement already satisfied: sniffio>=1.1 in /usr/local/lib/python3.10/dist-packages (from anyio<5,>=3.6.2->starlette<0.50.0,>=0.40.0->fastapi) (1.3.1)
WARNING: Running pip as the 'root' user can result in broken permissions and conflicting behaviour with the system package manager, possibly rendering your system unusable. It is recommended to use a virtual environment instead: https://pip.pypa.io/warnings/venv. Use the --root-user-action option if you know what you are doing and want to suppress this warning.
[host] external.host set to 195.26.255.18
Synchronizing state of haproxy.service with SysV service script with /lib/systemd/systemd-sysv-install.
Executing: /lib/systemd/systemd-sysv-install enable haproxy
[init] Generating torrc for 50 nodes...
[init] Starting tor pool services...
[init] Done.
[tor] pool is active
[expose] Rendering HAProxy...
[expose] Rendering 3proxy...
[expose] Writing whitelist...
[expose] Restart services...
[expose] Done.
Skipping adding existing rule
Skipping adding existing rule (v6)
main: line 302: {start}: syntax error: operand expected (error token is "{start}")
root@vmi2881987:~# bash -lc 'cat >/tmp/connexa-install.sh <<'"'"'SH'"'"' [вставьте сюда весь скрипт выше] SH sudo bash /tmp/connexa-install.sh'
bash: line 1: warning: here-document at line 1 delimited by end-of-file (wanted `SH')
cat: '[вставьте': No such file or directory
cat: сюда: No such file or directory
cat: весь: No such file or directory
cat: скрипт: No such file or directory
cat: выше]: No such file or directory
cat: SH: No such file or directory
cat: sudo: No such file or directory
cat: bash: No such file or directory
root@vmi2881987:~# ss -lntp | egrep ':8081|:4000'
LISTEN 0      4096         0.0.0.0:40008      0.0.0.0:*    users:(("haproxy",pid=61538,fd=14))      
LISTEN 0      4096         0.0.0.0:40009      0.0.0.0:*    users:(("haproxy",pid=61538,fd=15))      
LISTEN 0      4096         0.0.0.0:40000      0.0.0.0:*    users:(("haproxy",pid=61538,fd=6))       
LISTEN 0      4096         0.0.0.0:40001      0.0.0.0:*    users:(("haproxy",pid=61538,fd=7))       
LISTEN 0      4096         0.0.0.0:40002      0.0.0.0:*    users:(("haproxy",pid=61538,fd=8))       
LISTEN 0      4096         0.0.0.0:40003      0.0.0.0:*    users:(("haproxy",pid=61538,fd=9))       
LISTEN 0      4096         0.0.0.0:40004      0.0.0.0:*    users:(("haproxy",pid=61538,fd=10))      
LISTEN 0      4096         0.0.0.0:40005      0.0.0.0:*    users:(("haproxy",pid=61538,fd=11))      
LISTEN 0      4096         0.0.0.0:40006      0.0.0.0:*    users:(("haproxy",pid=61538,fd=12))      
LISTEN 0      4096         0.0.0.0:40007      0.0.0.0:*    users:(("haproxy",pid=61538,fd=13))      
root@vmi2881987:~# systemctl status haproxy --no-pager -l
● haproxy.service - HAProxy Load Balancer
     Loaded: loaded (/lib/systemd/system/haproxy.service; enabled; vendor preset: enabled)
     Active: active (running) since Sun 2025-11-02 16:57:31 CET; 1min 19s ago
       Docs: man:haproxy(1)
             file:/usr/share/doc/haproxy/configuration.txt.gz
    Process: 61534 ExecStartPre=/usr/sbin/haproxy -Ws -f $CONFIG -c -q $EXTRAOPTS (code=exited, status=0/SUCCESS)
   Main PID: 61536 (haproxy)
      Tasks: 9 (limit: 28785)
     Memory: 14.0M
        CPU: 1.494s
     CGroup: /system.slice/haproxy.service
             ├─61536 /usr/sbin/haproxy -Ws -f /etc/haproxy/haproxy.cfg -p /run/haproxy.pid -S /run/haproxy-master.sock
             └─61538 /usr/sbin/haproxy -Ws -f /etc/haproxy/haproxy.cfg -p /run/haproxy.pid -S /run/haproxy-master.sock

Nov 02 16:57:33 vmi2881987 haproxy[61538]: [WARNING]  (61538) : Server be_42045/s1 is DOWN, reason: Layer4 connection problem, info: "Connection refused", check duration: 0ms. 0 active and 0 backup servers left. 0 sessions active, 0 requeued, 0 remaining in queue.
Nov 02 16:57:33 vmi2881987 haproxy[61538]: [ALERT]    (61538) : backend 'be_42045' has no server available!
Nov 02 16:57:33 vmi2881987 haproxy[61538]: [WARNING]  (61538) : Server be_42046/s1 is DOWN, reason: Layer4 connection problem, info: "Connection refused", check duration: 0ms. 0 active and 0 backup servers left. 0 sessions active, 0 requeued, 0 remaining in queue.
Nov 02 16:57:33 vmi2881987 haproxy[61538]: [ALERT]    (61538) : backend 'be_42046' has no server available!
Nov 02 16:57:33 vmi2881987 haproxy[61538]: [WARNING]  (61538) : Server be_42047/s1 is DOWN, reason: Layer4 connection problem, info: "Connection refused", check duration: 0ms. 0 active and 0 backup servers left. 0 sessions active, 0 requeued, 0 remaining in queue.
Nov 02 16:57:33 vmi2881987 haproxy[61538]: [ALERT]    (61538) : backend 'be_42047' has no server available!
Nov 02 16:57:33 vmi2881987 haproxy[61538]: [WARNING]  (61538) : Server be_42048/s1 is DOWN, reason: Layer4 connection problem, info: "Connection refused", check duration: 0ms. 0 active and 0 backup servers left. 0 sessions active, 0 requeued, 0 remaining in queue.
Nov 02 16:57:33 vmi2881987 haproxy[61538]: [ALERT]    (61538) : backend 'be_42048' has no server available!
Nov 02 16:57:33 vmi2881987 haproxy[61538]: [WARNING]  (61538) : Server be_42049/s1 is DOWN, reason: Layer4 connection problem, info: "Connection refused", check duration: 0ms. 0 active and 0 backup servers left. 0 sessions active, 0 requeued, 0 remaining in queue.
Nov 02 16:57:33 vmi2881987 haproxy[61538]: [ALERT]    (61538) : backend 'be_42049' has no server available!
root@vmi2881987:~# tail -n 200 /var/log/haproxy.log (если включён rsyslog/haproxy логирование)
-bash: syntax error near unexpected token `('
root@vmi2881987:~# 
