Last login: Sun Nov  2 23:19:06 on ttys000
exchange@Mysteriouss-Air ~ % ssh root@195.26.255.18
root@195.26.255.18's password: 
Welcome to Ubuntu 22.04.5 LTS (GNU/Linux 5.15.0-160-generic x86_64)

 * Documentation:  https://help.ubuntu.com
 * Management:     https://landscape.canonical.com
 * Support:        https://ubuntu.com/pro

 System information as of Sun Nov  2 17:24:45 CET 2025

  System load:           0.16
  Usage of /:            1.2% of 387.48GB
  Memory usage:          15%
  Swap usage:            0%
  Processes:             210
  Users logged in:       0
  IPv4 address for eth0: 195.26.255.18
  IPv6 address for eth0: 2605:a140:2288:1987::1


Expanded Security Maintenance for Applications is not enabled.

0 updates can be applied immediately.

Enable ESM Apps to receive additional future security updates.
See https://ubuntu.com/esm or run: sudo pro status

New release '24.04.3 LTS' available.
Run 'do-release-upgrade' to upgrade to it.


*** System restart required ***
  _____
 / ___/___  _  _ _____ _   ___  ___
| |   / _ \| \| |_   _/ \ | _ )/ _ \
| |__| (_) | .` | | |/ _ \| _ \ (_) |
 \____\___/|_|\_| |_/_/ \_|___/\___/

Welcome!

This server is hosted by Contabo. If you have any questions or need help,
please don't hesitate to contact us at support@contabo.com.

Last login: Sun Nov  2 17:19:18 2025 from 113.189.109.248
root@vmi2881987:~# curl -fsSL https://raw.githubusercontent.com/mrolivershea-cyber/Connexa-Free-Proxy/main/scripts/install.sh | sudo bash
Hit:1 http://security.ubuntu.com/ubuntu jammy-security InRelease
Hit:2 http://archive.ubuntu.com/ubuntu jammy InRelease
Hit:3 http://archive.ubuntu.com/ubuntu jammy-updates InRelease
Hit:4 http://archive.ubuntu.com/ubuntu jammy-backports InRelease
Reading package lists... Done
Reading package lists... Done
Building dependency tree... Done
Reading state information... Done
build-essential is already the newest version (12.9ubuntu3).
gcc is already the newest version (4:11.2.0-1ubuntu1).
make is already the newest version (4.3-4.1build1).
tor is already the newest version (0.4.6.10-1).
ca-certificates is already the newest version (20240203~22.04.1).
curl is already the newest version (7.81.0-1ubuntu1.21).
git is already the newest version (1:2.34.1-1ubuntu1.15).
haproxy is already the newest version (2.4.24-0ubuntu0.22.04.3).
jq is already the newest version (1.6-2.1ubuntu3.1).
openssl is already the newest version (3.0.2-0ubuntu1.20).
ufw is already the newest version (0.36.1-4ubuntu0.1).
wget is already the newest version (1.21.2-2ubuntu1.1).
python3-pip is already the newest version (22.0.2+dfsg-1ubuntu0.7).
0 upgraded, 0 newly installed, 0 to remove and 0 not upgraded.
Reading package lists... Done
Building dependency tree... Done
Reading state information... Done
E: Unable to locate package 3proxy
remote: Enumerating objects: 5, done.
remote: Counting objects: 100% (5/5), done.
remote: Compressing objects: 100% (3/3), done.
remote: Total 3 (delta 2), reused 0 (delta 0), pack-reused 0 (from 0)
Unpacking objects: 100% (3/3), 1.18 KiB | 1.18 MiB/s, done.
From https://github.com/mrolivershea-cyber/Connexa-Free-Proxy
   c6294d3..e6eeec7  main       -> origin/main
Updating c6294d3..e6eeec7
Fast-forward
 LOGI SERVER | 39 ++++++++++++++++-----------------------
 1 file changed, 16 insertions(+), 23 deletions(-)
Requirement already satisfied: pip in /usr/local/lib/python3.10/dist-packages (25.3)
WARNING: Running pip as the 'root' user can result in broken permissions and conflicting behaviour with the system package manager, possibly rendering your system unusable. It is recommended to use a virtual environment instead: https://pip.pypa.io/warnings/venv. Use the --root-user-action option if you know what you are doing and want to suppress this warning.
Requirement already satisfied: fastapi in /usr/local/lib/python3.10/dist-packages (0.120.4)
Requirement already satisfied: pyyaml in /usr/lib/python3/dist-packages (5.4.1)
Requirement already satisfied: click in /usr/lib/python3/dist-packages (8.0.3)
Requirement already satisfied: uvicorn[standard] in /usr/local/lib/python3.10/dist-packages (0.38.0)
Requirement already satisfied: h11>=0.8 in /usr/local/lib/python3.10/dist-packages (from uvicorn[standard]) (0.16.0)
Requirement already satisfied: typing-extensions>=4.0 in /usr/local/lib/python3.10/dist-packages (from uvicorn[standard]) (4.15.0)
Requirement already satisfied: httptools>=0.6.3 in /usr/local/lib/python3.10/dist-packages (from uvicorn[standard]) (0.7.1)
Requirement already satisfied: python-dotenv>=0.13 in /usr/local/lib/python3.10/dist-packages (from uvicorn[standard]) (1.2.1)
Requirement already satisfied: uvloop>=0.15.1 in /usr/local/lib/python3.10/dist-packages (from uvicorn[standard]) (0.22.1)
Requirement already satisfied: watchfiles>=0.13 in /usr/local/lib/python3.10/dist-packages (from uvicorn[standard]) (1.1.1)
Requirement already satisfied: websockets>=10.4 in /usr/local/lib/python3.10/dist-packages (from uvicorn[standard]) (15.0.1)
Requirement already satisfied: starlette<0.50.0,>=0.40.0 in /usr/local/lib/python3.10/dist-packages (from fastapi) (0.49.3)
Requirement already satisfied: pydantic!=1.8,!=1.8.1,!=2.0.0,!=2.0.1,!=2.1.0,<3.0.0,>=1.7.4 in /usr/local/lib/python3.10/dist-packages (from fastapi) (2.12.3)
Requirement already satisfied: annotated-doc>=0.0.2 in /usr/local/lib/python3.10/dist-packages (from fastapi) (0.0.3)
Requirement already satisfied: annotated-types>=0.6.0 in /usr/local/lib/python3.10/dist-packages (from pydantic!=1.8,!=1.8.1,!=2.0.0,!=2.0.1,!=2.1.0,<3.0.0,>=1.7.4->fastapi) (0.7.0)
Requirement already satisfied: pydantic-core==2.41.4 in /usr/local/lib/python3.10/dist-packages (from pydantic!=1.8,!=1.8.1,!=2.0.0,!=2.0.1,!=2.1.0,<3.0.0,>=1.7.4->fastapi) (2.41.4)
Requirement already satisfied: typing-inspection>=0.4.2 in /usr/local/lib/python3.10/dist-packages (from pydantic!=1.8,!=1.8.1,!=2.0.0,!=2.0.1,!=2.1.0,<3.0.0,>=1.7.4->fastapi) (0.4.2)
Requirement already satisfied: anyio<5,>=3.6.2 in /usr/local/lib/python3.10/dist-packages (from starlette<0.50.0,>=0.40.0->fastapi) (4.11.0)
Requirement already satisfied: exceptiongroup>=1.0.2 in /usr/local/lib/python3.10/dist-packages (from anyio<5,>=3.6.2->starlette<0.50.0,>=0.40.0->fastapi) (1.3.0)
Requirement already satisfied: idna>=2.8 in /usr/lib/python3/dist-packages (from anyio<5,>=3.6.2->starlette<0.50.0,>=0.40.0->fastapi) (3.3)
Requirement already satisfied: sniffio>=1.1 in /usr/local/lib/python3.10/dist-packages (from anyio<5,>=3.6.2->starlette<0.50.0,>=0.40.0->fastapi) (1.3.1)
WARNING: Running pip as the 'root' user can result in broken permissions and conflicting behaviour with the system package manager, possibly rendering your system unusable. It is recommended to use a virtual environment instead: https://pip.pypa.io/warnings/venv. Use the --root-user-action option if you know what you are doing and want to suppress this warning.
[host] external.host kept as 195.26.255.18
Synchronizing state of haproxy.service with SysV service script with /lib/systemd/systemd-sysv-install.
Executing: /lib/systemd/systemd-sysv-install enable haproxy
[init] Generating torrc for 50 nodes...
[init] Starting tor pool services...
[init] Done.
[tor] pool not active yet (continuing)
[3proxy] building from source v0.9.4...
[3proxy] build failed, will use HAProxy->Tor fallback
[expose] Rendering HAProxy...
[expose] Rendering 3proxy...
[expose] Writing whitelist...
[expose] Restart services...
[expose] Done.
[haproxy] applying direct HAProxy->Tor fallback...
[haproxy] stats: http://195.26.255.18:8081/ (credentials in /etc/connexa/haproxy-admin)
[haproxy] fallback applied.
Skipping adding existing rule
Skipping adding existing rule (v6)
Skipping adding existing rule
Skipping adding existing rule (v6)
main: line 326: {start}: syntax error: operand expected (error token is "{start}")
root@vmi2881987:~# curl -i http://127.0.0.1:8080/healthz
HTTP/1.1 200 OK
date: Sun, 02 Nov 2025 16:28:26 GMT
server: uvicorn
content-length: 15
content-type: application/json

{"status":"ok"}rootcurl -i http://127.0.0.1:8080/admin.0.1:8080/admin
HTTP/1.1 404 Not Found
date: Sun, 02 Nov 2025 16:28:39 GMT
server: uvicorn
content-length: 22
content-type: application/json

{"detail":"Not Founsystemctl status haproxy --no-pager -l haproxy --no-pager -l
● haproxy.service - HAProxy Load Balancer
     Loaded: loaded (/lib/systemd/system/haproxy.service; enabled; vendor preset: enabled)
     Active: active (running) since Sun 2025-11-02 17:26:45 CET; 2min 1s ago
       Docs: man:haproxy(1)
             file:/usr/share/doc/haproxy/configuration.txt.gz
    Process: 72582 ExecStartPre=/usr/sbin/haproxy -Ws -f $CONFIG -c -q $EXTRAOPTS (code=exited, status=0/SUCCESS)
   Main PID: 72584 (haproxy)
      Tasks: 9 (limit: 28785)
     Memory: 13.5M
        CPU: 2.464s
     CGroup: /system.slice/haproxy.service
             ├─72584 /usr/sbin/haproxy -Ws -f /etc/haproxy/haproxy.cfg -p /run/haproxy.pid -S /run/haproxy-master.sock
             └─72586 /usr/sbin/haproxy -Ws -f /etc/haproxy/haproxy.cfg -p /run/haproxy.pid -S /run/haproxy-master.sock

Nov 02 17:26:44 vmi2881987 systemd[1]: Starting HAProxy Load Balancer...
Nov 02 17:26:45 vmi2881987 haproxy[72584]: [WARNING]  (72584) : config : 'stats' statement ignored for proxy 'stats' as it requires HTTP mode.
Nov 02 17:26:45 vmi2881987 haproxy[72584]: [NOTICE]   (72584) : New worker #1 (72586) forked
Nov 02 17:26:45 vmi2881987 systemd[1]: Started HAProxy Load Balancer.
root@vmi2881987:~# ss -lntp | egrep ':8080|:8081|:4000'
LISTEN 0      4096         0.0.0.0:40008      0.0.0.0:*    users:(("haproxy",pid=72586,fd=15))      
LISTEN 0      4096         0.0.0.0:40009      0.0.0.0:*    users:(("haproxy",pid=72586,fd=16))      
LISTEN 0      4096         0.0.0.0:40000      0.0.0.0:*    users:(("haproxy",pid=72586,fd=7))       
LISTEN 0      4096         0.0.0.0:40001      0.0.0.0:*    users:(("haproxy",pid=72586,fd=8))       
LISTEN 0      4096         0.0.0.0:40002      0.0.0.0:*    users:(("haproxy",pid=72586,fd=9))       
LISTEN 0      4096         0.0.0.0:40003      0.0.0.0:*    users:(("haproxy",pid=72586,fd=10))      
LISTEN 0      4096         0.0.0.0:40004      0.0.0.0:*    users:(("haproxy",pid=72586,fd=11))      
LISTEN 0      4096         0.0.0.0:40005      0.0.0.0:*    users:(("haproxy",pid=72586,fd=12))      
LISTEN 0      4096         0.0.0.0:40006      0.0.0.0:*    users:(("haproxy",pid=72586,fd=13))      
LISTEN 0      4096         0.0.0.0:40007      0.0.0.0:*    users:(("haproxy",pid=72586,fd=14))      
LISTEN 0      2048         0.0.0.0:8080       0.0.0.0:*    users:(("python3",pid=41965,fd=13))      
LISTEN 0      4096         0.0.0.0:8081       0.0.0.0:*    users:(("haproxy",pid=72586,fd=6))       
root@vmi2881987:~# systemctl status haproxy --no-pager -l
● haproxy.service - HAProxy Load Balancer
     Loaded: loaded (/lib/systemd/system/haproxy.service; enabled; vendor preset: enabled)
     Active: active (running) since Sun 2025-11-02 17:26:45 CET; 2min 20s ago
       Docs: man:haproxy(1)
             file:/usr/share/doc/haproxy/configuration.txt.gz
    Process: 72582 ExecStartPre=/usr/sbin/haproxy -Ws -f $CONFIG -c -q $EXTRAOPTS (code=exited, status=0/SUCCESS)
   Main PID: 72584 (haproxy)
      Tasks: 9 (limit: 28785)
     Memory: 13.8M
        CPU: 2.839s
     CGroup: /system.slice/haproxy.service
             ├─72584 /usr/sbin/haproxy -Ws -f /etc/haproxy/haproxy.cfg -p /run/haproxy.pid -S /run/haproxy-master.sock
             └─72586 /usr/sbin/haproxy -Ws -f /etc/haproxy/haproxy.cfg -p /run/haproxy.pid -S /run/haproxy-master.sock

Nov 02 17:26:44 vmi2881987 systemd[1]: Starting HAProxy Load Balancer...
Nov 02 17:26:45 vmi2881987 haproxy[72584]: [WARNING]  (72584) : config : 'stats' statement ignored for proxy 'stats' as it requires HTTP mode.
Nov 02 17:26:45 vmi2881987 haproxy[72584]: [NOTICE]   (72584) : New worker #1 (72586) forked
Nov 02 17:26:45 vmi2881987 systemd[1]: Started HAProxy Load Balancer.
root@vmi2881987:~# 
